INPUT<
[route 'bar' @ 42 [create [addr='123.123.123.125:5445']]]

OUTPUT>
&dogconf.RequestSyntax{
 Spec:dogconf.TargetOcnSpecSyntax{
  TargetOneSpecSyntax:dogconf.TargetOneSpecSyntax{
   What:&dogconf.Token{
     Lexeme:"'bar'",
     Type:8,
     Pos:dogconf.Position{
      Filename:"",
      Offset:12,
      Line:1,
      Column:13
     }
    }
  },
  Ocn:&dogconf.Token{
    Lexeme:"42",
    Type:7,
    Pos:dogconf.Position{
     Filename:"",
     Offset:17,
     Line:1,
     Column:18
    }
   }
 },
 Action:&dogconf.CreateActionSyntax{
   CreateProps:map[*dogconf.Token]*dogconf.Token{
    &dogconf.Token{
      Lexeme:"addr",
      Type:6,
      Pos:dogconf.Position{
       Filename:"",
       Offset:31,
       Line:1,
       Column:32
      }
     }:&dogconf.Token{
      Lexeme:"'123.123.123.125:5445'",
      Type:8,
      Pos:dogconf.Position{
       Filename:"",
       Offset:54,
       Line:1,
       Column:55
      }
     }
   }
  }
}
