INPUT<
[route 'bar' [create [addr='123.124.123.125:5445']]]

OUTPUT>
&dogconf.RequestSyntax{
 Spec:&dogconf.TargetOneSpecSyntax{
   What:&dogconf.Token{
     Lexeme:"'bar'",
     Type:8,
     Pos:dogconf.Position{
      Filename:"",
      Offset:12,
      Line:1,
      Column:13
     }
    }
  },
 Action:&dogconf.CreateActionSyntax{
   CreateProps:map[*dogconf.Token]*dogconf.Token{
    &dogconf.Token{
      Lexeme:"addr",
      Type:6,
      Pos:dogconf.Position{
       Filename:"",
       Offset:26,
       Line:1,
       Column:27
      }
     }:&dogconf.Token{
      Lexeme:"'123.124.123.125:5445'",
      Type:8,
      Pos:dogconf.Position{
       Filename:"",
       Offset:49,
       Line:1,
       Column:50
      }
     }
   }
  }
}
