INPUT<
[route 'foo' @ 42 [delete]]

OUTPUT>
&dogconf.RequestSyntax{
 Spec:dogconf.TargetOcnSpecSyntax{
  TargetOneSpecSyntax:dogconf.TargetOneSpecSyntax{
   What:&dogconf.Token{
     Lexeme:"'foo'",
     Type:8,
     Pos:dogconf.Position{
      Filename:"",
      Offset:12,
      Line:1,
      Column:13
     }
    }
  },
  Ocn:&dogconf.Token{
    Lexeme:"42",
    Type:7,
    Pos:dogconf.Position{
     Filename:"",
     Offset:17,
     Line:1,
     Column:18
    }
   }
 },
 Action:&dogconf.DeleteActionSyntax{
   DeleteToken:&dogconf.Token{
     Lexeme:"delete",
     Type:6,
     Pos:dogconf.Position{
      Filename:"",
      Offset:25,
      Line:1,
      Column:26
     }
    }
  }
}
