INPUT<
[route all [delete]]

OUTPUT>
&dogconf.RequestSyntax{
 Spec:&dogconf.TargetAllSpecSyntax{
   Target:&dogconf.Token{
     Lexeme:"all",
     Type:6,
     Pos:dogconf.Position{
      Filename:"",
      Offset:10,
      Line:1,
      Column:11
     }
    }
  },
 Action:&dogconf.DeleteActionSyntax{
   DeleteToken:&dogconf.Token{
     Lexeme:"delete",
     Type:6,
     Pos:dogconf.Position{
      Filename:"",
      Offset:18,
      Line:1,
      Column:19
     }
    }
  }
}
