INPUT<
[route 'bar' [get]]

OUTPUT>
&dogconf.RequestSyntax{
 Spec:&dogconf.TargetOneSpecSyntax{
   What:&dogconf.Token{
     Lexeme:"'bar'",
     Type:8,
     Pos:dogconf.Position{
      Filename:"",
      Offset:12,
      Line:1,
      Column:13
     }
    }
  },
 Action:&dogconf.GetActionSyntax{
   GetToken:&dogconf.Token{
     Lexeme:"get",
     Type:6,
     Pos:dogconf.Position{
      Filename:"",
      Offset:17,
      Line:1,
      Column:18
     }
    }
  }
}
