INPUT<
[route all [get]]

OUTPUT>
&dogconf.RequestSyntax{
 Spec:&dogconf.TargetAllSpecSyntax{
   Target:&dogconf.Token{
     Lexeme:"all",
     Type:6,
     Pos:dogconf.Position{
      Filename:"",
      Offset:10,
      Line:1,
      Column:11
     }
    }
  },
 Action:&dogconf.GetActionSyntax{
   GetToken:&dogconf.Token{
     Lexeme:"get",
     Type:6,
     Pos:dogconf.Position{
      Filename:"",
      Offset:15,
      Line:1,
      Column:16
     }
    }
  }
}
